dwt_stm32_delay.h:34:22:DWT_Delay_ms	24	static
EMG10K.c:65:6:BUZZER_ON_OFF	8	static
EMG10K.c:72:6:FLASH_UPDATE	56	static
EMG10K.c:170:6:SOL_RUN_SELECTE	16	static
EMG10K.c:251:6:SOL_RUN_	24	static
EMG10K.c:403:6:SOL_RUN_OFF	8	static
EMG10K.c:432:6:SOL_RUN	16	static
EMG10K.c:459:6:SOL_TEST_RUN	8	static
EMG10K.c:560:6:HAL_GPIO_EXTI_Callback	248	static
EMG10K.c:1408:14:LOADCELL_ZERO	16	static
EMG10K.c:1422:7:LOADCELL_SPAN	24	static
EMG10K.c:1438:7:LOADCELL_WEIGHT	24	static
EMG10K.c:1456:6:HAL_UART_RxCpltCallback	16	static
